1>#  prueba de pertenece, longitud, cambiar_todos, concatenar.
2>1 no pertenece a cad.
3>Longitud: 0
4>Cambiados.
5>
6>(9,i)
7>Fin.
